// Jest Snapshot v1, https://goo.gl/fbAQLP

exports[`Blog renders GraphQL data correctly 1`] = `
Array [
  <nav
    className="navbar"
  >
    <a
      className="nav__item home__icon"
      href="/"
    >
      <img
        alt="logo.png"
        src="test-file-stub"
        style={
          Object {
            "height": "50px",
            "width": "70px",
          }
        }
      />
    </a>
    <a
      className="nav__item"
      href="/blog"
    >
       Blog 
    </a>
    <a
      className="nav__item"
      href="/snippets"
    >
      Snippets
    </a>
    <a
      className="nav__item"
      href="/projects"
    >
      Projects
    </a>
    <a
      className="nav__item controls"
      href="#"
    />
  </nav>,
  <div
    style={
      Object {
        "height": "10vh",
        "width": "undefinedvh",
      }
    }
  />,
  <div
    className="content__container"
  >
    <div
      className="content__header"
    >
      <h2
        className="no__margin"
      >
        Blog Posts
      </h2>
      <p>
        Full feature articles
      </p>
      <hr
        className="divider"
      />
    </div>
    <article
      className="panel"
    >
      <a
        className="panel__image"
        href="/blog/diy-randonautica/"
      >
        <img
          alt="thumb"
          className="panel__image"
          role="link"
          src="/static/cd989575e12274e973f0f48f8ab96111/randonautica.webp"
        />
      </a>
      <h3
        className="panel__header"
      >
        <a
          href="/blog/diy-randonautica/"
        >
          Create your own Randonautica web app
        </a>
      </h3>
      <p
        className="panel__text"
      >
        <a
          href="/blog/diy-randonautica/"
        >
          Walkthrough on how to build a web app that gives you random locations to ... explore?
        </a>
      </p>
      <div
        className="panel__links"
      >
        <a
          className="meta"
          href="/meta/python"
        >
          <svg
            height={24}
            viewBox="0 0 1024 1024"
            width={24}
          >
            <title>
              python
            </title>
            <path
              d="M510.971 0.003c-261.316 0-244.998 113.322-244.998 113.322l0.291 117.401h249.368v35.249h-348.416c0 0-167.216-18.964-167.216 244.707s145.95 254.32 145.95 254.32h87.104v-122.353c0 0-4.695-145.95 143.619-145.95s247.328 0 247.328 0c0 0 138.958 2.246 138.958-134.297s0-225.771 0-225.771c0-0 21.098-136.628-251.989-136.628zM373.469 78.95c24.81-0 44.863 20.053 44.863 44.863s-20.053 44.863-44.863 44.863c-24.81 0-44.863-20.053-44.863-44.863s20.053-44.863 44.863-44.863z"
              fill="rgb(69, 132, 182)"
              opacity={1}
            />
            <path
              d="M518.392 1024.005c261.316 0 244.998-113.322 244.998-113.322l-0.291-117.401h-249.368v-35.249h348.416c0 0 167.216 18.964 167.216-244.707s-145.95-254.32-145.95-254.32h-87.104v122.353c0 0 4.695 145.95-143.619 145.95s-247.328 0-247.328 0c0 0-138.958-2.246-138.958 134.297s0 225.771 0 225.771c0 0-21.098 136.628 251.989 136.628zM655.894 945.058c-24.81 0-44.863-20.053-44.863-44.863s20.053-44.863 44.863-44.863c24.81 0 44.863 20.053 44.863 44.863s-20.053 44.863-44.863 44.863z"
              fill="rgb(255, 222, 87)"
              opacity={1}
            />
          </svg>
          <span
            className="meta__tag"
          >
            python
          </span>
        </a>
        <a
          className="meta"
          href="/meta/mystery"
        >
          <svg
            height={24}
            viewBox="0 0 1024 1024"
            width={24}
          >
            <title>
              mystery
            </title>
            <path
              d="M404.042 0c-159.638 0-263.036 65.406-344.214 182.052-14.726 21.16-10.186 50.172 10.356 65.748l86.276 65.418c20.746 15.73 50.264 12.052 66.506-8.296 50.098-62.762 87.26-98.898 165.514-98.898 61.528 0 137.632 39.598 137.632 99.262 0 45.104-37.234 68.268-97.986 102.328-70.846 39.72-164.598 89.152-164.598 212.81v19.576c0 26.51 21.49 48 48 48h144.942c26.51 0 48-21.49 48-48v-11.546c0-85.72 250.536-89.29 250.536-321.254 0.002-174.688-181.202-307.2-350.964-307.2zM384 746.918c-76.392 0-138.542 62.15-138.542 138.542 0 76.39 62.15 138.54 138.542 138.54s138.542-62.15 138.542-138.542-62.15-138.54-138.542-138.54z"
              fill="#CCCCCC"
              opacity={1}
            />
          </svg>
          <span
            className="meta__tag"
          >
            mystery
          </span>
        </a>
        <a
          className="meta"
          href="/meta/react"
        >
          <svg
            height={24}
            viewBox="0 0 1024 1024"
            width={24}
          >
            <title>
              react
            </title>
            <path
              d="M592 511.168c0 44.183-35.817 80-80 80s-80-35.817-80-80c0-44.183 35.817-80 80-80s80 35.817 80 80z"
              fill="rgb(96, 217, 251)"
              opacity={1}
            />
            <path
              d="M512 694.592c-6.541 0.169-14.241 0.266-21.965 0.266-93.518 0-183.735-14.133-268.632-40.379l6.436 1.713c-44.908-14.477-83.83-35.839-117.713-63.194l0.689 0.538c-26.177-18.965-43.806-48.345-46.785-81.936l-0.031-0.432c0-52.896 58.112-104.736 155.456-138.656 83.302-27.423 179.182-43.239 278.755-43.239 4.848 0 9.688 0.037 14.518 0.112l-0.729-0.009c3.812-0.057 8.311-0.090 12.819-0.090 98.524 0 193.421 15.528 282.378 44.271l-6.492-1.813c43.362 14.053 80.98 34.388 114.005 60.309l-0.789-0.597c25.754 18.111 43.144 46.621 46.050 79.297l0.030 0.415c0 54.976-64.96 110.688-169.6 145.312-78.648 24.269-169.060 38.245-262.737 38.245-5.507 0-11.003-0.048-16.487-0.145l0.824 0.011zM512 367.648c-3.555-0.051-7.751-0.080-11.953-0.080-95.704 0-187.896 15.032-274.345 42.865l6.33-1.761c-89.6 31.264-129.76 74.016-129.76 102.4 0 29.696 43.168 76.384 137.952 108.8 74.875 23.297 160.961 36.716 250.181 36.716 7.594 0 15.165-0.097 22.712-0.29l-1.117 0.023c4.698 0.090 10.239 0.141 15.791 0.141 89.34 0 175.582-13.265 256.864-37.933l-6.256 1.632c98.4-32.608 143.2-79.36 143.2-108.992-3.44-21.117-15.347-38.937-32.053-50.167l-0.267-0.169c-28.817-22.454-62.428-40.483-98.844-52.281l-2.308-0.647c-78.69-25.594-169.237-40.351-263.231-40.351-4.535 0-9.061 0.034-13.58 0.103l0.683-0.008z"
              fill="rgb(96, 217, 251)"
              opacity={1}
            />
            <path
              d="M330.24 910.176c-0.577 0.014-1.256 0.022-1.937 0.022-14.977 0-29.044-3.899-41.241-10.738l0.426 0.219c-45.824-26.432-61.696-102.656-42.464-203.936 23.157-103.929 60.719-195.822 111.108-279.085l-2.308 4.109c49.786-88.214 109.957-163.688 180.243-228.335l0.653-0.593c30.675-28.039 66.535-51.054 105.875-67.369l2.413-0.887c13.49-6.473 29.328-10.255 46.048-10.255s32.557 3.782 46.703 10.536l-0.655-0.281c47.648 27.456 63.424 111.552 41.184 219.488-23.911 98.556-60.394 185.343-108.418 264.339l2.306-4.083c-48.16 87.38-106.484 162.197-174.777 226.551l-0.455 0.425c-31.803 29.148-69.194 52.829-110.294 69.19l-2.442 0.858c-15.405 5.898-33.217 9.471-51.817 9.822l-0.151 0.002zM386.976 439.776c-45.828 75.721-81.813 163.576-103.166 257.004l-1.154 6.004c-17.696 93.28-0.704 149.376 24 163.648 25.6 14.816 87.744 0.768 163.2-65.152 65.608-62.034 121.282-133.651 164.994-212.798l2.27-4.482c43.797-71.622 78.785-154.588 100.528-242.769l1.264-6.063c20.928-101.6 2.848-163.808-22.816-178.592-7.906-3.12-17.063-4.93-26.643-4.93-12.073 0-23.474 2.873-33.559 7.973l0.426-0.195c-37.144 15.551-69.031 36.23-96.547 61.583l0.227-0.207c-67.761 62.473-125.241 134.727-170.523 214.792l-2.277 4.376z"
              fill="rgb(96, 217, 251)"
              opacity={1}
            />
            <path
              d="M693.664 910.592c-43.36 0-98.432-26.24-155.776-75.552-72.231-65.893-133.411-142.264-181.523-227.025l-2.381-4.559c-47.457-78.029-84.699-168.576-106.778-264.905l-1.19-6.167c-5.394-23.485-8.486-50.453-8.486-78.144 0-17.584 1.247-34.878 3.657-51.796l-0.227 1.94c2.926-33.013 20.238-61.466 45.548-79.356l0.34-0.228c47.584-27.552 128.32 0.768 210.72 73.92 67.213 63.595 124.547 136.671 170.092 217.291l2.388 4.597c47.439 76.285 84.989 164.759 107.847 258.975l1.273 6.209c5.422 23.463 8.529 50.406 8.529 78.075 0 19.27-1.507 38.187-4.41 56.641l0.265-2.045c-3.439 33.936-21.385 63.092-47.453 81.522l-0.355 0.238c-11.582 6.538-25.43 10.39-40.178 10.39-0.669 0-1.336-0.008-2.001-0.024l0.099 0.002zM387.104 584.192c48.461 85.41 106.903 158.5 175.096 221.141l0.648 0.587c71.968 61.92 129.056 75.232 153.6 60.8 25.6-14.88 44.48-75.616 25.024-173.888-23.273-95.892-59.276-180.331-106.816-256.856l2.144 3.704c-45.759-81.59-100.491-151.565-164.256-212.118l-0.384-0.362c-77.568-68.864-140.48-84.256-166.112-69.408-15.675 12.81-25.988 31.671-27.349 52.966l-0.011 0.218c-1.835 12.997-2.882 28.011-2.882 43.269 0 25.097 2.834 49.531 8.2 73.002l-0.421-2.19c22.382 98.023 58.092 184.593 105.753 263.104l-2.201-3.904z"
              fill="rgb(96, 217, 251)"
              opacity={1}
            />
          </svg>
          <span
            className="meta__tag"
          >
            react
          </span>
        </a>
      </div>
    </article>
    <article
      className="panel"
    >
      <a
        className="panel__image"
        href="/blog/google-foobar-challenge/"
      >
        <img
          alt="thumb"
          className="panel__image"
          role="link"
          src="/static/838890e1e444dcacdf2110b9ff7c38a4/foobar.gif"
        />
      </a>
      <h3
        className="panel__header"
      >
        <a
          href="/blog/google-foobar-challenge/"
        >
          Tackling the Google Foobar Challenge
        </a>
      </h3>
      <p
        className="panel__text"
      >
        <a
          href="/blog/google-foobar-challenge/"
        >
          A comprehensive walkthrough of Google's secret code challenge
        </a>
      </p>
      <div
        className="panel__links"
      >
        <a
          className="meta"
          href="/meta/python"
        >
          <svg
            height={24}
            viewBox="0 0 1024 1024"
            width={24}
          >
            <title>
              python
            </title>
            <path
              d="M510.971 0.003c-261.316 0-244.998 113.322-244.998 113.322l0.291 117.401h249.368v35.249h-348.416c0 0-167.216-18.964-167.216 244.707s145.95 254.32 145.95 254.32h87.104v-122.353c0 0-4.695-145.95 143.619-145.95s247.328 0 247.328 0c0 0 138.958 2.246 138.958-134.297s0-225.771 0-225.771c0-0 21.098-136.628-251.989-136.628zM373.469 78.95c24.81-0 44.863 20.053 44.863 44.863s-20.053 44.863-44.863 44.863c-24.81 0-44.863-20.053-44.863-44.863s20.053-44.863 44.863-44.863z"
              fill="rgb(69, 132, 182)"
              opacity={1}
            />
            <path
              d="M518.392 1024.005c261.316 0 244.998-113.322 244.998-113.322l-0.291-117.401h-249.368v-35.249h348.416c0 0 167.216 18.964 167.216-244.707s-145.95-254.32-145.95-254.32h-87.104v122.353c0 0 4.695 145.95-143.619 145.95s-247.328 0-247.328 0c0 0-138.958-2.246-138.958 134.297s0 225.771 0 225.771c0 0-21.098 136.628 251.989 136.628zM655.894 945.058c-24.81 0-44.863-20.053-44.863-44.863s20.053-44.863 44.863-44.863c24.81 0 44.863 20.053 44.863 44.863s-20.053 44.863-44.863 44.863z"
              fill="rgb(255, 222, 87)"
              opacity={1}
            />
          </svg>
          <span
            className="meta__tag"
          >
            python
          </span>
        </a>
        <a
          className="meta"
          href="/meta/algorithms"
        >
          <svg
            height={24}
            viewBox="0 0 1024 1024"
            width={24}
          >
            <title>
              algorithms
            </title>
            <path
              d="M928.013 64h-831.997l-32 32v832l32 32h831.997l32-32v-832l-32-32zM896.013 896h-575.997v-128h147.2c19.2 38.4 64 64 108.8 64 70.397 0 127.997-57.6 127.997-128s-57.6-128-127.997-128c-70.4 0-128 57.6-128 128h-192v192h-128v-768h128v147.2c-38.4 19.2-64 64-64 108.8 0 70.4 57.6 128 128 128s128-57.6 128-128h128c0 70.4 57.6 128 127.997 128 70.4 0 128-57.6 128-128s-57.6-128-128-128c-44.8 0-89.597 25.6-108.797 64h-166.4c-19.2-38.4-64-64-108.8-64v-128h575.997v768zM512.015 704c0-38.4 25.6-64 64-64s63.997 25.6 63.997 64c0 38.4-25.597 64-63.997 64s-64-25.6-64-64zM320.015 320c38.4 0 64 25.6 64 64s-25.6 64-64 64c-38.4 0-64-25.6-64-64s25.6-64 64-64zM704.013 320c38.4 0 64 25.6 64 64s-25.6 64-64 64c-38.4 0-64-25.6-64-64s25.6-64 64-64z"
              fill={null}
              opacity={1}
            />
          </svg>
          <span
            className="meta__tag"
          >
            algorithms
          </span>
        </a>
      </div>
    </article>
    <article
      className="panel"
    >
      <a
        className="panel__image"
        href="/blog/markdown-test/"
      >
        <img
          alt="thumb"
          className="panel__image"
          role="link"
          src="/static/cd989575e12274e973f0f48f8ab96111/randonautica.webp"
        />
      </a>
      <h3
        className="panel__header"
      >
        <a
          href="/blog/markdown-test/"
        >
          Markdown Test
        </a>
      </h3>
      <p
        className="panel__text"
      >
        <a
          href="/blog/markdown-test/"
        >
          Walkthrough on how to build a web app that gives you random locations to ... explore?
        </a>
      </p>
      <div
        className="panel__links"
      >
        <a
          className="meta"
          href="/meta/vscode"
        >
          <svg
            height={24}
            viewBox="0 0 1024 1024"
            width={24}
          >
            <title>
              vscode
            </title>
            <path
              d="M928.32 160.96l-184.512-88.832c-7.076-3.49-15.405-5.532-24.21-5.532-15.404 0-29.348 6.248-39.437 16.347l-0.001 0.001-604 550.656c-7.531 6.852-12.239 16.692-12.239 27.632 0 9.666 3.676 18.474 9.706 25.102l-0.027-0.030c0.8 0.864 1.6 1.696 2.464 2.464l49.312 44.8c6.598 6.021 15.415 9.709 25.093 9.709 8.517 0 16.367-2.856 22.644-7.663l-0.089 0.066 727.52-551.68c6.147-4.704 13.943-7.537 22.4-7.537 20.46 0 37.047 16.582 37.056 37.040l0 0.001v-2.144c-0.001-22.070-12.784-41.155-31.35-50.254l-0.33-0.146z"
              fill="rgb(0, 101, 169)"
              opacity={1}
            />
            <path
              d="M928.32 863.040l-184.512 88.864c-7.072 3.478-15.394 5.512-24.191 5.512-15.406 0-29.355-6.239-39.458-16.328l0.001 0.001-604-550.688c-7.531-6.852-12.239-16.692-12.239-27.632 0-9.666 3.676-18.474 9.706-25.102l-0.027 0.030c0.8-0.864 1.6-1.696 2.464-2.464l49.312-44.8c6.603-6.045 15.437-9.749 25.137-9.749 8.54 0 16.41 2.872 22.696 7.702l-0.088-0.065 727.424 551.68c6.147 4.704 13.943 7.537 22.4 7.537 20.46 0 37.047-16.582 37.056-37.040l0-0.001v2.304c-0.074 22.005-12.837 41.012-31.35 50.094l-0.33 0.146z"
              fill="rgb(0, 122, 204)"
              opacity={1}
            />
            <path
              d="M743.808 951.904c-7.072 3.478-15.394 5.512-24.191 5.512-15.406 0-29.355-6.239-39.458-16.328l0.001 0.001c5.92 5.845 14.059 9.455 23.040 9.455 18.064 0 32.717-14.603 32.8-32.647l0-0.008v-811.776c0-0.008 0-0.018 0-0.027 0-18.097-14.671-32.768-32.768-32.768-9.063 0-17.267 3.68-23.199 9.626l-0.001 0.001c10.1-10.105 24.056-16.356 39.473-16.356 8.791 0 17.108 2.033 24.505 5.654l-0.329-0.146 184.48 88.704c18.961 9.203 31.807 28.297 31.84 50.396l0 0.004v601.6c0 0.004 0 0.009 0 0.013 0 22.084-12.798 41.179-31.382 50.273l-0.33 0.146z"
              fill="rgb(31, 156, 240)"
              opacity={1}
            />
          </svg>
          <span
            className="meta__tag"
          >
            vscode
          </span>
        </a>
        <a
          className="meta"
          href="/meta/sln"
        >
          <svg
            height={24}
            viewBox="0 0 1024 1024"
            width={24}
          >
            <title>
              sln
            </title>
            <path
              d="M193.44 767.712c-6.485 5.587-14.99 8.989-24.289 8.989-5.185 0-10.123-1.058-14.61-2.969l0.244 0.092-67.808-28.224c-13.608-5.789-22.976-19.046-22.976-34.491 0-0.002 0-0.004 0-0.006l-0 0v-398.208c-0-0.021-0-0.045-0-0.069 0-15.428 9.371-28.666 22.732-34.335l0.244-0.092 67.808-28.256c4.239-1.809 9.171-2.861 14.349-2.861 9.303 0 17.812 3.396 24.357 9.015l-0.050-0.042 15.232 13.056c-3.333-2.401-7.499-3.84-12-3.84-11.417 0-20.672 9.255-20.672 20.672l-0 0v451.712c0.018 11.403 9.267 20.64 20.672 20.64 4.501 0 8.667-1.439 12.061-3.882l-0.061 0.042z"
              fill="rgb(82, 33, 138)"
              opacity={1}
            />
            <path
              d="M86.976 745.6c-13.604-5.797-22.969-19.052-22.976-34.495l-0-0.001v-3.2c-0 0-0 0.001-0 0.001 0 11.912 9.656 21.568 21.568 21.568 6.338 0 12.038-2.734 15.984-7.087l0.016-0.018 578.432-639.712c10.095-10.103 24.045-16.352 39.455-16.352 8.811 0 17.145 2.043 24.553 5.681l-0.328-0.146 184.608 88.896c18.915 9.249 31.712 28.349 31.712 50.439 0 0.009-0 0.018-0 0.027l0-0.001v2.144c0-0.052 0-0.114 0-0.175 0-19.44-15.76-35.2-35.2-35.2-8.537 0-16.364 3.039-22.459 8.094l0.058-0.047-708.96 581.696c-6.485 5.587-14.99 8.989-24.289 8.989-5.185 0-10.123-1.058-14.61-2.969l0.244 0.092z"
              fill="rgb(108, 51, 175)"
              opacity={1}
            />
            <path
              d="M86.976 278.4c-13.608 5.789-22.976 19.046-22.976 34.491 0 0.002 0 0.004 0 0.006l-0-0v3.2c-0-0-0-0.001-0-0.001 0-11.912 9.656-21.568 21.568-21.568 6.338 0 12.038 2.734 15.984 7.087l0.016 0.018 578.432 639.68c10.095 10.103 24.045 16.352 39.455 16.352 8.811 0 17.145-2.043 24.553-5.681l-0.328 0.146 184.608-88.896c18.913-9.231 31.712-28.32 31.712-50.398 0-0.012-0-0.024-0-0.035l0 0.002v-2.176c0 0.062 0.001 0.135 0.001 0.208 0 19.44-15.76 35.2-35.2 35.2-8.537 0-16.364-3.039-22.459-8.094l0.058 0.047-708.96-581.696c-6.485-5.587-14.99-8.989-24.289-8.989-5.185 0-10.123 1.058-14.61 2.969l0.244-0.092z"
              fill="rgb(133, 76, 199)"
              opacity={1}
            />
            <path
              d="M743.68 952.16c-7.081 3.493-15.414 5.536-24.225 5.536-15.41 0-29.36-6.249-39.454-16.351l-0-0c5.936 5.94 14.139 9.614 23.2 9.614 18.115 0 32.8-14.685 32.8-32.8 0-0.005-0-0.010-0-0.015l0 0.001v-812.288c0-0.004 0-0.009 0-0.014 0-18.115-14.685-32.8-32.8-32.8-9.061 0-17.264 3.674-23.2 9.614l-0 0c10.095-10.103 24.045-16.352 39.455-16.352 8.811 0 17.145 2.043 24.553 5.681l-0.328-0.146 184.576 88.768c18.933 9.242 31.744 28.352 31.744 50.454 0 0.048-0 0.097-0 0.145l0-0.008v601.76c-0.006 22.095-12.8 41.2-31.382 50.318l-0.33 0.146z"
              fill="rgb(177, 121, 241)"
              opacity={1}
            />
            <path
              d="M706.976 956.256c3.763 0.907 8.084 1.427 12.526 1.427 8.794 0 17.111-2.038 24.505-5.669l-0.328 0.145 184.576-88.768c18.933-9.242 31.744-28.352 31.744-50.454 0-0.048-0-0.097-0-0.145l0 0.008v-601.6c-0.004-22.104-12.814-41.214-31.414-50.318l-0.33-0.146-184.576-88.896c-7.076-3.49-15.405-5.532-24.21-5.532-15.42 0-29.377 6.261-39.469 16.379l-0.001 0.001-297.6 329.088-173.728-142.464-15.232-13.056c-6.49-5.575-14.994-8.97-24.291-8.97-5.172 0-10.099 1.051-14.578 2.95l0.245-0.092-67.808 28.256c-12.805 5.375-21.867 17.329-23 31.517l-0.008 0.131c0 0.928 0 1.888 0 2.816v398.208c0 0.96 0 1.888 0 2.816 1.117 14.293 10.128 26.237 22.636 31.556l0.244 0.092 67.808 28.256c1.339 0.575 2.989 1.143 4.685 1.601l0.275 0.063c2.82 0.765 6.057 1.204 9.397 1.204 9.291 0 17.788-3.399 24.316-9.021l-0.049 0.041 15.232-13.056 173.76-142.464 297.6 329.12c7.208 7.245 16.403 12.507 26.698 14.903l0.374 0.073zM736 322.304l-231.36 189.696 231.36 189.664zM176 384l115.808 128-115.808 128z"
              fill="rgb(0, 0, 0)"
              opacity={0.25}
            />
          </svg>
          <span
            className="meta__tag"
          >
            sln
          </span>
        </a>
        <a
          className="meta"
          href="/meta/zip"
        >
          <svg
            height={24}
            viewBox="0 0 1024 1024"
            width={24}
          >
            <title>
              zip
            </title>
            <path
              d="M885.344 885.344v-330.688l-149.344-74.656v-416h-597.344v896h746.688zM736 885.344v-291.552l74.656 39.104v252.448z"
              fill="rgb(192, 149, 83)"
              opacity={1}
            />
            <path
              d="M564.8 817.888h110.4v31.776h-110.4v-31.776z"
              fill="rgb(0, 0, 0)"
              opacity={1}
            />
            <path
              d="M564.8 744.32h110.4v31.776h-110.4v-31.776z"
              fill="rgb(0, 0, 0)"
              opacity={1}
            />
            <path
              d="M564.8 670.72h110.4v31.776h-110.4v-31.776z"
              fill="rgb(0, 0, 0)"
              opacity={1}
            />
            <path
              d="M564.8 597.12h110.4v31.776h-110.4v-31.776z"
              fill="rgb(0, 0, 0)"
              opacity={1}
            />
            <path
              d="M564.8 523.52h110.4v31.776h-110.4v-31.776z"
              fill="rgb(0, 0, 0)"
              opacity={1}
            />
            <path
              d="M564.8 449.92h110.4v31.776h-110.4v-31.776z"
              fill="rgb(0, 0, 0)"
              opacity={1}
            />
            <path
              d="M564.8 376.32h110.4v31.776h-110.4v-31.776z"
              fill="rgb(0, 0, 0)"
              opacity={1}
            />
            <path
              d="M564.8 302.752h110.4v31.776h-110.4v-31.776z"
              fill="rgb(0, 0, 0)"
              opacity={1}
            />
            <path
              d="M564.8 229.152h110.4v31.776h-110.4v-31.776z"
              fill="rgb(0, 0, 0)"
              opacity={1}
            />
            <path
              d="M519.584 855.072h110.4v31.776h-110.4v-31.776z"
              fill="rgb(0, 0, 0)"
              opacity={1}
            />
            <path
              d="M519.584 781.472h110.4v31.776h-110.4v-31.776z"
              fill="rgb(0, 0, 0)"
              opacity={1}
            />
            <path
              d="M519.584 707.872h110.4v31.776h-110.4v-31.776z"
              fill="rgb(0, 0, 0)"
              opacity={1}
            />
            <path
              d="M519.584 634.272h110.4v31.776h-110.4v-31.776z"
              fill="rgb(0, 0, 0)"
              opacity={1}
            />
            <path
              d="M519.584 560.704h110.4v31.776h-110.4v-31.776z"
              fill="rgb(0, 0, 0)"
              opacity={1}
            />
            <path
              d="M564.8 891.488h110.4v31.776h-110.4v-31.776z"
              fill="rgb(0, 0, 0)"
              opacity={1}
            />
            <path
              d="M519.584 487.104h110.4v31.776h-110.4v-31.776z"
              fill="rgb(0, 0, 0)"
              opacity={1}
            />
            <path
              d="M519.584 413.504h110.4v31.776h-110.4v-31.776z"
              fill="rgb(0, 0, 0)"
              opacity={1}
            />
            <path
              d="M519.584 339.904h110.4v31.776h-110.4v-31.776z"
              fill="rgb(0, 0, 0)"
              opacity={1}
            />
            <path
              d="M519.584 266.304h110.4v31.776h-110.4v-31.776z"
              fill="rgb(0, 0, 0)"
              opacity={1}
            />
            <path
              d="M519.584 928.576h110.4v31.776h-110.4v-31.776z"
              fill="rgb(0, 0, 0)"
              opacity={1}
            />
            <path
              d="M643.2 189.152c-0.42-9.394-8.090-16.864-17.527-16.96l-0.009-0h-0.288v17.824h2.944l6.592 80.448h-72.064l6.752-80.448h3.008v-17.824h-1.408c-9.446 0.081-17.118 7.563-17.503 16.925l-0.001 0.035-10.048 338.208c-0.006 0.172-0.010 0.374-0.010 0.576 0 9.066 7.35 16.416 16.416 16.416 0.026 0 0.052-0 0.078-0l-0.004 0h77.824c0.013 0 0.028 0 0.043 0 9.049 0 16.384-7.335 16.384-16.384 0-0.214-0.004-0.427-0.012-0.639l0.001 0.031zM598.912 525.152c-20.695 0-37.472-16.777-37.472-37.472s16.777-37.472 37.472-37.472c20.695 0 37.472 16.777 37.472 37.472v0c-0.055 20.654-16.81 37.376-37.472 37.376-0 0-0-0-0-0l0 0z"
              fill="rgb(0, 0, 0)"
              opacity={1}
            />
            <path
              d="M579.072 121.664h39.68v97.728h-39.68v-97.728z"
              fill="rgb(0, 0, 0)"
              opacity={1}
            />
            <path
              d="M684.8 145.92c0-45.049-36.519-81.568-81.568-81.568v0h-8.832c-45.050 0.022-81.561 36.547-81.561 81.6 0 8.565 1.32 16.822 3.767 24.578l-0.157-0.578v0.192c5.599 19.958 8.817 42.877 8.817 66.547 0 5.42-0.169 10.8-0.501 16.135l0.036-0.731c1.066 16.365 8.774 30.743 20.427 40.602l0.085 0.070 3.488-110.112c0.722-9.887 8.921-17.634 18.928-17.634 0.095 0 0.191 0.001 0.286 0.002l-0.014-0h4.32v-50.24h52.896v50.24h3.2c0.067-0.001 0.145-0.001 0.224-0.001 10.052 0 18.3 7.725 19.131 17.563l0.005 0.070 3.872 110.784c12.19-9.961 20.217-24.618 21.303-41.171l0.009-0.173v-2.496c0-0.448 0-0.864 0-1.312s0-0.832 0-1.248c-0.237-4.043-0.372-8.771-0.372-13.531 0-22.021 2.891-43.366 8.315-63.677l-0.391 1.72c2.671-7.638 4.237-16.444 4.288-25.608l0-0.024z"
              fill="rgb(0, 0, 0)"
              opacity={1}
            />
          </svg>
          <span
            className="meta__tag"
          >
            zip
          </span>
        </a>
        <a
          className="meta"
          href="/meta/kubernetes"
        >
          <svg
            height={24}
            viewBox="0 0 1024 1024"
            width={24}
          >
            <title>
              kubernetes
            </title>
            <path
              d="M523.679 14.673c-9.586 0.496-18.498 2.882-26.523 6.787l0.401-0.176-356.441 170.311c-18.494 8.976-32.077 25.494-36.788 45.402l-0.091 0.458-87.937 382.563c-1.088 4.524-1.712 9.719-1.712 15.058 0 13.671 4.091 26.394 11.126 37.030l-0.159-0.257c1.351 2.075 2.626 3.829 3.981 5.517l-0.106-0.137 246.715 306.752c12.596 15.561 31.774 25.437 53.277 25.437 0.005 0 0.009-0 0.014-0l395.645-0.091c0.015 0 0.032 0 0.050 0 21.483 0 40.645-9.857 53.138-25.261l0.103-0.131 246.623-306.798c9.274-11.449 14.884-26.158 14.884-42.166 0-5.334-0.623-10.524-1.801-15.503l0.091 0.458-88.073-382.563c-4.802-20.366-18.386-36.884-36.478-45.684l-0.402-0.176-356.487-170.22c-8.646-4.226-18.822-6.698-29.58-6.698-1.221 0-2.434 0.032-3.639 0.095l0.168-0.007z"
              fill="rgb(50, 108, 229)"
              opacity={1}
            />
            <path
              d="M527.211 144.864c-11.782 0.001-21.336 10.614-21.335 23.705 0 0.201 0.041 0.393 0.046 0.593-0.017 1.779-0.103 3.922-0.046 5.47 0.281 7.551 1.927 13.33 2.918 20.286 1.795 14.889 3.299 27.231 2.371 38.703-0.903 4.326-4.089 8.282-6.929 11.032l-0.501 9.026c-12.803 1.061-25.692 3.003-38.566 5.926-55.396 12.578-103.091 41.113-139.404 79.64-2.356-1.607-6.478-4.565-7.704-5.47-3.809 0.514-7.659 1.69-12.673-1.231-9.548-6.427-18.243-15.298-28.765-25.984-4.821-5.112-8.313-9.979-14.041-14.907-1.301-1.119-3.286-2.632-4.741-3.784-4.478-3.57-9.76-5.432-14.861-5.607-6.558-0.225-12.872 2.34-17.004 7.522-7.345 9.213-4.994 23.294 5.242 31.455 0.104 0.083 0.214 0.147 0.319 0.228 1.407 1.14 3.129 2.601 4.422 3.556 6.079 4.488 11.631 6.785 17.688 10.348 12.76 7.88 23.338 14.414 31.728 22.292 3.276 3.493 3.849 9.647 4.285 12.308l6.838 6.109c-36.606 55.089-53.547 123.134-43.535 192.467l-8.935 2.598c-2.355 3.041-5.683 7.826-9.163 9.254-10.977 3.458-23.332 4.727-38.247 6.291-7.003 0.582-13.045 0.235-20.468 1.641-1.634 0.31-3.911 0.903-5.698 1.322-0.062 0.013-0.12 0.032-0.182 0.046-0.097 0.023-0.225 0.070-0.319 0.091-12.575 3.038-20.653 14.596-18.052 25.984 2.601 11.391 14.884 18.317 27.534 15.591 0.091-0.021 0.224-0.024 0.319-0.046 0.143-0.033 0.269-0.102 0.41-0.137 1.763-0.387 3.973-0.818 5.516-1.231 7.299-1.954 12.585-4.826 19.146-7.339 14.116-5.063 25.808-9.293 37.199-10.941 4.757-0.373 9.77 2.935 12.263 4.331l9.3-1.596c21.4 66.349 66.249 119.977 123.038 153.627l-3.875 9.3c1.397 3.611 2.937 8.497 1.897 12.063-4.141 10.738-11.234 22.073-19.311 34.709-3.911 5.838-7.913 10.368-11.442 17.049-0.844 1.599-1.92 4.054-2.735 5.744-5.483 11.732-1.461 25.244 9.072 30.315 10.599 5.103 23.755-0.279 29.449-12.035 0.009-0.017 0.037-0.029 0.046-0.046 0.006-0.013-0.006-0.033 0-0.046 0.811-1.667 1.96-3.858 2.644-5.425 3.023-6.925 4.029-12.859 6.154-19.557 5.645-14.179 8.746-29.057 16.517-38.328 2.128-2.539 5.597-3.515 9.194-4.478l4.832-8.753c49.508 19.003 104.925 24.102 160.282 11.533 12.629-2.867 24.82-6.578 36.606-11.032 1.358 2.409 3.882 7.040 4.559 8.206 3.655 1.189 7.645 1.803 10.895 6.61 5.814 9.933 9.79 21.683 14.633 35.877 2.126 6.697 3.177 12.632 6.2 19.557 0.689 1.578 1.832 3.8 2.644 5.47 5.682 11.794 18.88 17.194 29.495 12.080 10.532-5.073 14.558-18.585 9.072-30.315-0.815-1.689-1.936-4.145-2.781-5.744-3.529-6.681-7.531-11.166-11.442-17.004-8.078-12.636-14.777-23.133-18.918-33.871-1.732-5.538 0.292-8.983 1.641-12.582-0.808-0.926-2.537-6.156-3.556-8.616 59.018-34.847 102.549-90.475 122.993-154.721 2.761 0.434 7.559 1.283 9.117 1.596 3.209-2.116 6.159-4.877 11.944-4.422 11.391 1.647 23.082 5.878 37.199 10.941 6.562 2.514 11.848 5.431 19.146 7.385 1.543 0.413 3.753 0.798 5.516 1.185 0.142 0.035 0.267 0.104 0.41 0.137 0.095 0.021 0.228 0.025 0.319 0.046 12.651 2.723 24.936-4.199 27.534-15.591 2.598-11.389-5.477-22.949-18.052-25.984-1.829-0.416-4.423-1.122-6.2-1.459-7.424-1.406-13.466-1.059-20.468-1.641-14.915-1.563-27.27-2.834-38.247-6.291-4.476-1.736-7.66-7.062-9.209-9.254l-8.616-2.507c4.467-32.318 3.263-65.953-4.467-99.607-7.802-33.967-21.59-65.033-39.979-92.404 2.21-2.009 6.384-5.705 7.567-6.792 0.346-3.828 0.049-7.842 4.012-12.080 8.39-7.878 18.969-14.411 31.728-22.292 6.056-3.563 11.655-5.86 17.733-10.348 1.375-1.015 3.251-2.622 4.695-3.784 10.234-8.164 12.59-22.244 5.242-31.455s-21.586-10.078-31.819-1.915c-1.457 1.154-3.433 2.659-4.741 3.784-5.728 4.928-9.265 9.795-14.086 14.907-10.521 10.687-19.218 19.603-28.765 26.030-4.137 2.409-10.197 1.575-12.947 1.413l-8.114 5.789c-46.27-48.52-109.269-79.54-177.104-85.566-0.19-2.843-0.438-7.981-0.501-9.528-2.777-2.657-6.132-4.926-6.975-10.667-0.928-11.472 0.621-23.814 2.416-38.703 0.991-6.957 2.637-12.735 2.918-20.286 0.064-1.716-0.039-4.207-0.046-6.063-0.001-13.091-9.552-23.706-21.335-23.705zM500.497 310.344l-6.337 111.915-0.456 0.228c-0.425 10.012-8.665 18.007-18.782 18.007-4.144 0-7.969-1.331-11.078-3.601l-0.182 0.091-91.766-65.052c28.203-27.733 64.278-48.228 105.852-57.667 7.594-1.724 15.185-3.004 22.748-3.92zM553.97 310.344c48.538 5.97 93.427 27.948 127.825 61.633l-91.173 64.642-0.319-0.137c-8.092 5.91-19.494 4.444-25.802-3.465-2.584-3.24-3.94-7.049-4.103-10.895l-0.091-0.046zM338.619 413.734l83.788 74.944-0.091 0.456c7.563 6.575 8.678 17.984 2.371 25.893-2.584 3.24-6.042 5.413-9.756 6.428l-0.091 0.365-107.402 30.999c-5.466-49.985 6.314-98.574 31.181-139.085zM715.21 413.78c12.449 20.179 21.877 42.716 27.489 67.149 5.545 24.14 6.936 48.237 4.65 71.525l-107.949-31.090-0.091-0.456c-9.667-2.642-15.607-12.475-13.357-22.337 0.922-4.040 3.067-7.458 5.972-9.983l-0.046-0.228 83.332-74.58zM510.025 494.468h34.327l21.335 26.668-7.659 33.278-30.817 14.816-30.908-14.861-7.659-33.278zM620.071 585.732c1.459-0.074 2.911 0.058 4.331 0.319l0.182-0.228 111.095 18.782c-16.259 45.679-47.37 85.251-88.939 111.733l-43.125-104.165 0.137-0.182c-3.961-9.205 0.003-19.999 9.117-24.389 2.334-1.124 4.771-1.746 7.203-1.869zM433.485 586.188c8.478 0.119 16.082 6.003 18.052 14.633 0.922 4.040 0.473 8.043-1.048 11.579l0.319 0.41-42.669 103.117c-39.893-25.599-71.668-63.929-88.666-110.958l110.137-18.69 0.182 0.228c1.232-0.227 2.481-0.336 3.693-0.319zM526.527 631.364c2.953-0.109 5.95 0.497 8.798 1.869 3.734 1.798 6.618 4.629 8.434 8.023h0.41l54.294 98.102c-7.046 2.362-14.29 4.381-21.699 6.063-41.523 9.428-82.915 6.571-120.394-6.2l54.157-97.92h0.091c3.25-6.075 9.413-9.699 15.91-9.938z"
              fill="rgb(255, 255, 255)"
              opacity={1}
            />
          </svg>
          <span
            className="meta__tag"
          >
            kubernetes
          </span>
        </a>
        <a
          className="meta"
          href="/meta/docker"
        >
          <svg
            height={24}
            viewBox="0 0 1024 1024"
            width={24}
          >
            <title>
              docker
            </title>
            <path
              d="M529.28 405.216h91.52v93.568h46.272c22.802-0.108 44.66-4.001 65.025-11.082l-1.409 0.426c11.865-3.972 22.082-8.692 31.668-14.366l-0.756 0.414c-12.037-16.498-19.833-36.787-21.419-58.798l-0.021-0.37c-0.602-4.608-0.945-9.937-0.945-15.347 0-27.3 8.75-52.556 23.598-73.117l-0.253 0.367 9.6-11.136 11.456 9.216c29.702 21.953 50.602 54.342 57.308 91.658l0.132 0.886c12.295-3.914 26.436-6.17 41.105-6.17 23.807 0 46.227 5.943 65.856 16.425l-0.753-0.367 12.576 7.232-6.624 12.8c-23.518 39.092-65.717 64.839-113.929 64.839-6.737 0-13.357-0.503-19.824-1.473l0.729 0.090c-79.36 197.376-251.872 290.816-461.088 290.816-108.096 0-207.232-40.416-263.712-136.288l-0.928-1.568-8.064-16.608c-14.227-31.533-22.516-68.363-22.516-107.128 0-9.696 0.519-19.271 1.529-28.699l-0.102 1.171 1.28-13.856h78.24v-93.536h91.552v-91.616h183.072v-91.456h109.824v183.072z"
              fill="rgb(0, 150, 230)"
              opacity={1}
            />
            <path
              d="M384.192 786.144c-44.98-19.503-80.282-54.276-99.988-97.639l-0.492-1.209c-21.425 5.979-46.239 9.918-71.8 10.955l-0.648 0.021q-16 0.896-33.44 0.896-20.224 0-42.592-1.184c52.788 54.898 126.856 89.002 208.889 89.002 5.315 0 10.597-0.143 15.842-0.426l-0.731 0.031q12.544-0 24.96-0.448z"
              fill="rgb(255, 255, 255)"
              opacity={1}
            />
            <path
              d="M226.56 427.072h6.4v66.144h-6.4zM214.528 427.072h6.4v66.144h-6.528v-66.144zM202.496 427.072h6.4v66.144h-6.4zM190.464 427.072h6.4v66.144h-6.4zM178.432 427.072h6.4v66.144h-6.4zM166.656 427.072h6.4v66.144h-6.4v-66.144zM160 420.48h79.424v79.328h-79.424zM251.488 328.928h79.36v79.328h-79.232zM317.952 335.552h6.4v66.112h-6.4zM305.92 335.552h6.4v66.112h-6.4zM293.888 335.552h6.4v66.112h-6.4v-66.112zM281.856 335.552h6.4v66.112h-6.4zM269.824 335.552h6.4v66.112h-6.4zM258.048 335.552h6.4v66.112h-6.4zM251.424 420.448h79.36v79.36h-79.168v-79.328zM317.888 427.072h6.4v66.144h-6.4zM305.856 427.072h6.4v66.144h-6.4zM293.824 427.072h6.4v66.144h-6.4v-66.144zM281.792 427.072h6.4v66.144h-6.4zM269.76 427.072h6.4v66.144h-6.4zM257.984 427.072h6.4v66.144h-6.4zM342.912 420.448h79.488v79.36h-79.36v-79.328zM409.344 427.072h6.656v66.144h-6.4zM397.312 427.072h6.4v66.144h-6.4zM385.28 427.072h6.4v66.144h-6.4zM373.248 427.072h6.4v66.144h-6.4zM361.216 427.072h6.4v66.144h-6.4zM349.44 427.072h6.4v66.144h-6.4zM342.848 328.928h79.552v79.328h-79.36v-79.328zM409.28 335.552h6.72v66.112h-6.4zM397.248 335.552h6.4v66.112h-6.4zM385.216 335.552h6.4v66.112h-6.4zM373.184 335.552h6.4v66.112h-6.4zM361.152 335.552h6.4v66.112h-6.4zM349.376 335.552h6.4v66.112h-6.4zM434.304 420.448h79.328v79.36h-79.36v-79.328zM500.736 427.072h6.4v66.144h-6.4zM488.704 427.072h6.4v66.144h-6.4zM476.672 427.072h6.4v66.144h-6.4zM464.64 427.072h6.4v66.144h-6.4zM452.608 427.072h6.4v66.144h-6.4zM440.832 427.072h6.144v66.144h-6.4v-66.144zM434.24 328.928h79.328v79.328h-79.36v-79.328zM500.672 335.552h6.4v66.112h-6.4zM488.64 335.552h6.4v66.112h-6.4zM476.608 335.552h6.4v66.112h-6.4zM464.576 335.552h6.4v66.112h-6.4zM452.544 335.552h6.4v66.112h-6.4zM440.768 335.552h6.144v66.112h-6.4v-66.112zM434.176 237.408h79.328v79.392h-79.36v-79.392zM500.608 244h6.4v66.112h-6.4zM488.576 244h6.4v66.112h-6.4zM476.544 244h6.4v66.112h-6.4zM464.512 244h6.4v66.112h-6.4zM452.48 244h6.4v66.112h-6.4zM440.704 244h6.144v66.112h-6.4v-66.112zM525.632 420.448h79.328v79.36h-79.36v-79.328zM592.064 427.072h6.24v66.144h-6.4v-66.144zM580.032 427.072h6.592v66.144h-6.592zM568 427.072h6.4v66.144h-6.4zM555.968 427.072h6.4v66.144h-6.4zM543.936 427.072h6.4v66.144h-6.56v-66.144zM532.16 427.072h6.4v66.144h-6.208v-66.144z"
              fill="rgb(255, 255, 255)"
              opacity={1}
            />
            <path
              d="M326.016 628.416c12.088 0 21.888 9.8 21.888 21.888s-9.8 21.888-21.888 21.888c-12.088 0-21.888-9.8-21.888-21.888v0c0-12.088 9.8-21.888 21.888-21.888v0zM326.016 634.624c0.004-0 0.008-0 0.013-0 2.033 0 3.975 0.388 5.757 1.093l-0.106-0.037c-1.941 1.124-3.226 3.191-3.226 5.558 0 3.535 2.865 6.4 6.4 6.4 2.417 0 4.521-1.34 5.61-3.317l0.017-0.033c0.776 1.795 1.227 3.885 1.227 6.080 0 8.66-7.020 15.68-15.68 15.68s-15.68-7.020-15.68-15.68c0-8.645 6.996-15.656 15.635-15.68l0.002-0z"
              fill="rgb(255, 255, 255)"
              opacity={1}
            />
          </svg>
          <span
            className="meta__tag"
          >
            docker
          </span>
        </a>
      </div>
    </article>
  </div>,
  <div
    style={
      Object {
        "height": "60vh",
        "width": "undefinedvh",
      }
    }
  />,
  <footer
    className="footer"
  >
    <li
      className="footer__item"
    >
      2021
    </li>
    <li
      className="footer__item"
    />
  </footer>,
]
`;
